<?xml version="1.0" encoding="UTF-8"?>
<testsuites>
  <testsuite name="/Users/nhungnguyen/Documents/VTC_ky2/project2/netchill/phpunit.xml" tests="28" assertions="53" errors="0" failures="9" skipped="0" time="4.115530">
    <testsuite name="Unit" tests="1" assertions="1" errors="0" failures="0" skipped="0" time="0.075011">
      <testsuite name="Tests\Unit\ExampleTest" file="/Users/nhungnguyen/Documents/VTC_ky2/project2/netchill/tests/Unit/ExampleTest.php" tests="1" assertions="1" errors="0" failures="0" skipped="0" time="0.075011">
        <testcase name="test_that_true_is_true" file="/Users/nhungnguyen/Documents/VTC_ky2/project2/netchill/tests/Unit/ExampleTest.php" line="12" class="Tests\Unit\ExampleTest" classname="Tests.Unit.ExampleTest" assertions="1" time="0.075011"/>
      </testsuite>
    </testsuite>
    <testsuite name="Feature" tests="27" assertions="52" errors="0" failures="9" skipped="0" time="4.040519">
      <testsuite name="Tests\Feature\Auth\AuthenticationTest" file="/Users/nhungnguyen/Documents/VTC_ky2/project2/netchill/tests/Feature/Auth/AuthenticationTest.php" tests="4" assertions="8" errors="0" failures="0" skipped="0" time="1.569930">
        <testcase name="test_login_screen_can_be_rendered" file="/Users/nhungnguyen/Documents/VTC_ky2/project2/netchill/tests/Feature/Auth/AuthenticationTest.php" line="14" class="Tests\Feature\Auth\AuthenticationTest" classname="Tests.Feature.Auth.AuthenticationTest" assertions="1" time="1.120131"/>
        <testcase name="test_users_can_authenticate_using_the_login_screen" file="/Users/nhungnguyen/Documents/VTC_ky2/project2/netchill/tests/Feature/Auth/AuthenticationTest.php" line="21" class="Tests\Feature\Auth\AuthenticationTest" classname="Tests.Feature.Auth.AuthenticationTest" assertions="3" time="0.135462"/>
        <testcase name="test_users_can_not_authenticate_with_invalid_password" file="/Users/nhungnguyen/Documents/VTC_ky2/project2/netchill/tests/Feature/Auth/AuthenticationTest.php" line="34" class="Tests\Feature\Auth\AuthenticationTest" classname="Tests.Feature.Auth.AuthenticationTest" assertions="1" time="0.259733"/>
        <testcase name="test_users_can_logout" file="/Users/nhungnguyen/Documents/VTC_ky2/project2/netchill/tests/Feature/Auth/AuthenticationTest.php" line="46" class="Tests\Feature\Auth\AuthenticationTest" classname="Tests.Feature.Auth.AuthenticationTest" assertions="3" time="0.054604"/>
      </testsuite>
      <testsuite name="Tests\Feature\Auth\EmailVerificationTest" file="/Users/nhungnguyen/Documents/VTC_ky2/project2/netchill/tests/Feature/Auth/EmailVerificationTest.php" tests="3" assertions="6" errors="0" failures="0" skipped="0" time="0.156489">
        <testcase name="test_email_verification_screen_can_be_rendered" file="/Users/nhungnguyen/Documents/VTC_ky2/project2/netchill/tests/Feature/Auth/EmailVerificationTest.php" line="17" class="Tests\Feature\Auth\EmailVerificationTest" classname="Tests.Feature.Auth.EmailVerificationTest" assertions="1" time="0.052026"/>
        <testcase name="test_email_can_be_verified" file="/Users/nhungnguyen/Documents/VTC_ky2/project2/netchill/tests/Feature/Auth/EmailVerificationTest.php" line="28" class="Tests\Feature\Auth\EmailVerificationTest" classname="Tests.Feature.Auth.EmailVerificationTest" assertions="4" time="0.055181"/>
        <testcase name="test_email_is_not_verified_with_invalid_hash" file="/Users/nhungnguyen/Documents/VTC_ky2/project2/netchill/tests/Feature/Auth/EmailVerificationTest.php" line="49" class="Tests\Feature\Auth\EmailVerificationTest" classname="Tests.Feature.Auth.EmailVerificationTest" assertions="1" time="0.049283"/>
      </testsuite>
      <testsuite name="Tests\Feature\Auth\PasswordConfirmationTest" file="/Users/nhungnguyen/Documents/VTC_ky2/project2/netchill/tests/Feature/Auth/PasswordConfirmationTest.php" tests="3" assertions="4" errors="0" failures="0" skipped="0" time="0.356617">
        <testcase name="test_confirm_password_screen_can_be_rendered" file="/Users/nhungnguyen/Documents/VTC_ky2/project2/netchill/tests/Feature/Auth/PasswordConfirmationTest.php" line="13" class="Tests\Feature\Auth\PasswordConfirmationTest" classname="Tests.Feature.Auth.PasswordConfirmationTest" assertions="1" time="0.055568"/>
        <testcase name="test_password_can_be_confirmed" file="/Users/nhungnguyen/Documents/VTC_ky2/project2/netchill/tests/Feature/Auth/PasswordConfirmationTest.php" line="22" class="Tests\Feature\Auth\PasswordConfirmationTest" classname="Tests.Feature.Auth.PasswordConfirmationTest" assertions="2" time="0.045261"/>
        <testcase name="test_password_is_not_confirmed_with_invalid_password" file="/Users/nhungnguyen/Documents/VTC_ky2/project2/netchill/tests/Feature/Auth/PasswordConfirmationTest.php" line="34" class="Tests\Feature\Auth\PasswordConfirmationTest" classname="Tests.Feature.Auth.PasswordConfirmationTest" assertions="1" time="0.255788"/>
      </testsuite>
      <testsuite name="Tests\Feature\Auth\PasswordResetTest" file="/Users/nhungnguyen/Documents/VTC_ky2/project2/netchill/tests/Feature/Auth/PasswordResetTest.php" tests="4" assertions="8" errors="0" failures="0" skipped="0" time="0.266409">
        <testcase name="test_reset_password_link_screen_can_be_rendered" file="/Users/nhungnguyen/Documents/VTC_ky2/project2/netchill/tests/Feature/Auth/PasswordResetTest.php" line="15" class="Tests\Feature\Auth\PasswordResetTest" classname="Tests.Feature.Auth.PasswordResetTest" assertions="1" time="0.059703"/>
        <testcase name="test_reset_password_link_can_be_requested" file="/Users/nhungnguyen/Documents/VTC_ky2/project2/netchill/tests/Feature/Auth/PasswordResetTest.php" line="22" class="Tests\Feature\Auth\PasswordResetTest" classname="Tests.Feature.Auth.PasswordResetTest" assertions="1" time="0.070111"/>
        <testcase name="test_reset_password_screen_can_be_rendered" file="/Users/nhungnguyen/Documents/VTC_ky2/project2/netchill/tests/Feature/Auth/PasswordResetTest.php" line="33" class="Tests\Feature\Auth\PasswordResetTest" classname="Tests.Feature.Auth.PasswordResetTest" assertions="2" time="0.065775"/>
        <testcase name="test_password_can_be_reset_with_valid_token" file="/Users/nhungnguyen/Documents/VTC_ky2/project2/netchill/tests/Feature/Auth/PasswordResetTest.php" line="50" class="Tests\Feature\Auth\PasswordResetTest" classname="Tests.Feature.Auth.PasswordResetTest" assertions="4" time="0.070821"/>
      </testsuite>
      <testsuite name="Tests\Feature\Auth\PasswordUpdateTest" file="/Users/nhungnguyen/Documents/VTC_ky2/project2/netchill/tests/Feature/Auth/PasswordUpdateTest.php" tests="2" assertions="8" errors="0" failures="0" skipped="0" time="0.112050">
        <testcase name="test_password_can_be_updated" file="/Users/nhungnguyen/Documents/VTC_ky2/project2/netchill/tests/Feature/Auth/PasswordUpdateTest.php" line="14" class="Tests\Feature\Auth\PasswordUpdateTest" classname="Tests.Feature.Auth.PasswordUpdateTest" assertions="4" time="0.066579"/>
        <testcase name="test_correct_password_must_be_provided_to_update_password" file="/Users/nhungnguyen/Documents/VTC_ky2/project2/netchill/tests/Feature/Auth/PasswordUpdateTest.php" line="34" class="Tests\Feature\Auth\PasswordUpdateTest" classname="Tests.Feature.Auth.PasswordUpdateTest" assertions="4" time="0.045472"/>
      </testsuite>
      <testsuite name="Tests\Feature\Auth\RegistrationTest" file="/Users/nhungnguyen/Documents/VTC_ky2/project2/netchill/tests/Feature/Auth/RegistrationTest.php" tests="2" assertions="4" errors="0" failures="0" skipped="0" time="0.100667">
        <testcase name="test_registration_screen_can_be_rendered" file="/Users/nhungnguyen/Documents/VTC_ky2/project2/netchill/tests/Feature/Auth/RegistrationTest.php" line="13" class="Tests\Feature\Auth\RegistrationTest" classname="Tests.Feature.Auth.RegistrationTest" assertions="1" time="0.053996"/>
        <testcase name="test_new_users_can_register" file="/Users/nhungnguyen/Documents/VTC_ky2/project2/netchill/tests/Feature/Auth/RegistrationTest.php" line="20" class="Tests\Feature\Auth\RegistrationTest" classname="Tests.Feature.Auth.RegistrationTest" assertions="3" time="0.046671"/>
      </testsuite>
      <testsuite name="Tests\Feature\ExampleTest" file="/Users/nhungnguyen/Documents/VTC_ky2/project2/netchill/tests/Feature/ExampleTest.php" tests="1" assertions="1" errors="0" failures="1" skipped="0" time="0.339145">
        <testcase name="test_the_application_returns_a_successful_response" file="/Users/nhungnguyen/Documents/VTC_ky2/project2/netchill/tests/Feature/ExampleTest.php" line="13" class="Tests\Feature\ExampleTest" classname="Tests.Feature.ExampleTest" assertions="1" time="0.339145">
          <failure type="PHPUnit\Framework\ExpectationFailedException">Tests\Feature\ExampleTest::test_the_application_returns_a_successful_response
Expected response status code [200] but received 500.
Failed asserting that 500 is identical to 200.

/Users/nhungnguyen/Documents/VTC_ky2/project2/netchill/vendor/laravel/framework/src/Illuminate/Testing/TestResponse.php:148
/Users/nhungnguyen/Documents/VTC_ky2/project2/netchill/tests/Feature/ExampleTest.php:17</failure>
        </testcase>
      </testsuite>
      <testsuite name="Tests\Feature\NetchillLiveTest" file="/Users/nhungnguyen/Documents/VTC_ky2/project2/netchill/tests/Feature/NetchillLiveTest.php" tests="3" assertions="3" errors="0" failures="3" skipped="0" time="0.301033">
        <testcase name="can_open_homepage" file="/Users/nhungnguyen/Documents/VTC_ky2/project2/netchill/tests/Feature/NetchillLiveTest.php" line="17" class="Tests\Feature\NetchillLiveTest" classname="Tests.Feature.NetchillLiveTest" assertions="1" time="0.221969">
          <failure type="PHPUnit\Framework\ExpectationFailedException">Tests\Feature\NetchillLiveTest::can_open_homepage
Expected response status code [200] but received 500.
Failed asserting that 500 is identical to 200.

/Users/nhungnguyen/Documents/VTC_ky2/project2/netchill/vendor/laravel/framework/src/Illuminate/Testing/TestResponse.php:148
/Users/nhungnguyen/Documents/VTC_ky2/project2/netchill/tests/Feature/NetchillLiveTest.php:20</failure>
        </testcase>
        <testcase name="detai_page_loads_with_existing_movie" file="/Users/nhungnguyen/Documents/VTC_ky2/project2/netchill/tests/Feature/NetchillLiveTest.php" line="24" class="Tests\Feature\NetchillLiveTest" classname="Tests.Feature.NetchillLiveTest" assertions="1" time="0.037559">
          <failure type="PHPUnit\Framework\ExpectationFailedException">Tests\Feature\NetchillLiveTest::detai_page_loads_with_existing_movie
Không tìm thấy Movie nào trong DB thật.
Failed asserting that null is not null.

/Users/nhungnguyen/Documents/VTC_ky2/project2/netchill/tests/Feature/NetchillLiveTest.php:27</failure>
        </testcase>
        <testcase name="logged_user_can_add_movie_to_existing_watchlist" file="/Users/nhungnguyen/Documents/VTC_ky2/project2/netchill/tests/Feature/NetchillLiveTest.php" line="34" class="Tests\Feature\NetchillLiveTest" classname="Tests.Feature.NetchillLiveTest" assertions="1" time="0.041504">
          <failure type="PHPUnit\Framework\ExpectationFailedException">Tests\Feature\NetchillLiveTest::logged_user_can_add_movie_to_existing_watchlist
Không có movie trong DB.
Failed asserting that null is not null.

/Users/nhungnguyen/Documents/VTC_ky2/project2/netchill/tests/Feature/NetchillLiveTest.php:42</failure>
        </testcase>
      </testsuite>
      <testsuite name="Tests\Feature\ProfileTest" file="/Users/nhungnguyen/Documents/VTC_ky2/project2/netchill/tests/Feature/ProfileTest.php" tests="5" assertions="10" errors="0" failures="5" skipped="0" time="0.838178">
        <testcase name="test_profile_page_is_displayed" file="/Users/nhungnguyen/Documents/VTC_ky2/project2/netchill/tests/Feature/ProfileTest.php" line="13" class="Tests\Feature\ProfileTest" classname="Tests.Feature.ProfileTest" assertions="1" time="0.303911">
          <failure type="PHPUnit\Framework\ExpectationFailedException">Tests\Feature\ProfileTest::test_profile_page_is_displayed
Expected response status code [200] but received 500.
Failed asserting that 500 is identical to 200.

/Users/nhungnguyen/Documents/VTC_ky2/project2/netchill/vendor/laravel/framework/src/Illuminate/Testing/TestResponse.php:148
/Users/nhungnguyen/Documents/VTC_ky2/project2/netchill/vendor/laravel/framework/src/Illuminate/Testing/Concerns/AssertsStatusCodes.php:16
/Users/nhungnguyen/Documents/VTC_ky2/project2/netchill/tests/Feature/ProfileTest.php:21</failure>
        </testcase>
        <testcase name="test_profile_information_can_be_updated" file="/Users/nhungnguyen/Documents/VTC_ky2/project2/netchill/tests/Feature/ProfileTest.php" line="24" class="Tests\Feature\ProfileTest" classname="Tests.Feature.ProfileTest" assertions="3" time="0.050609">
          <failure type="PHPUnit\Framework\ExpectationFailedException">Tests\Feature\ProfileTest::test_profile_information_can_be_updated
Failed asserting that two strings are equal.
--- Expected
+++ Actual
@@ @@
-'http://localhost/profile'
+'http://localhost'

/Users/nhungnguyen/Documents/VTC_ky2/project2/netchill/vendor/laravel/framework/src/Illuminate/Testing/TestResponse.php:312
/Users/nhungnguyen/Documents/VTC_ky2/project2/netchill/vendor/laravel/framework/src/Illuminate/Testing/TestResponse.php:179
/Users/nhungnguyen/Documents/VTC_ky2/project2/netchill/tests/Feature/ProfileTest.php:37</failure>
        </testcase>
        <testcase name="test_email_verification_status_is_unchanged_when_the_email_address_is_unchanged" file="/Users/nhungnguyen/Documents/VTC_ky2/project2/netchill/tests/Feature/ProfileTest.php" line="46" class="Tests\Feature\ProfileTest" classname="Tests.Feature.ProfileTest" assertions="3" time="0.045848">
          <failure type="PHPUnit\Framework\ExpectationFailedException">Tests\Feature\ProfileTest::test_email_verification_status_is_unchanged_when_the_email_address_is_unchanged
Failed asserting that two strings are equal.
--- Expected
+++ Actual
@@ @@
-'http://localhost/profile'
+'http://localhost'

/Users/nhungnguyen/Documents/VTC_ky2/project2/netchill/vendor/laravel/framework/src/Illuminate/Testing/TestResponse.php:312
/Users/nhungnguyen/Documents/VTC_ky2/project2/netchill/vendor/laravel/framework/src/Illuminate/Testing/TestResponse.php:179
/Users/nhungnguyen/Documents/VTC_ky2/project2/netchill/tests/Feature/ProfileTest.php:59</failure>
        </testcase>
        <testcase name="test_user_can_delete_their_account" file="/Users/nhungnguyen/Documents/VTC_ky2/project2/netchill/tests/Feature/ProfileTest.php" line="64" class="Tests\Feature\ProfileTest" classname="Tests.Feature.ProfileTest" assertions="2" time="0.216946">
          <failure type="PHPUnit\Framework\ExpectationFailedException">Tests\Feature\ProfileTest::test_user_can_delete_their_account
Expected response status code [201, 301, 302, 303, 307, 308] but received 500.
Failed asserting that false is true.

/Users/nhungnguyen/Documents/VTC_ky2/project2/netchill/vendor/laravel/framework/src/Illuminate/Testing/TestResponse.php:173
/Users/nhungnguyen/Documents/VTC_ky2/project2/netchill/tests/Feature/ProfileTest.php:76</failure>
        </testcase>
        <testcase name="test_correct_password_must_be_provided_to_delete_account" file="/Users/nhungnguyen/Documents/VTC_ky2/project2/netchill/tests/Feature/ProfileTest.php" line="82" class="Tests\Feature\ProfileTest" classname="Tests.Feature.ProfileTest" assertions="1" time="0.220863">
          <failure type="PHPUnit\Framework\ExpectationFailedException">Tests\Feature\ProfileTest::test_correct_password_must_be_provided_to_delete_account
Session is missing expected key [errors].
Failed asserting that false is true.

/Users/nhungnguyen/Documents/VTC_ky2/project2/netchill/vendor/laravel/framework/src/Illuminate/Testing/TestResponse.php:1263
/Users/nhungnguyen/Documents/VTC_ky2/project2/netchill/vendor/laravel/framework/src/Illuminate/Testing/TestResponse.php:1340
/Users/nhungnguyen/Documents/VTC_ky2/project2/netchill/vendor/laravel/framework/src/Illuminate/Testing/TestResponse.php:1434
/Users/nhungnguyen/Documents/VTC_ky2/project2/netchill/tests/Feature/ProfileTest.php:94</failure>
        </testcase>
      </testsuite>
    </testsuite>
  </testsuite>
</testsuites>
